|	1|
|	2|
|	3|
|4	abc|
|5d	ef|
|6gh	i|
||
|8|
|9	|
|A	|
|B	|
